// Jest Snapshot v1, https://goo.gl/fbAQLP

exports[`ForecastDetails renders correctly 1`] = `
<DocumentFragment>
  <div
    class="forecast-details"
    data-testid="forecast-details"
  >
    <div
      class="forecast-details__date"
    >
      Thu Jan 01 1970
    </div>
    <div
      class="forecast-details__description"
    >
      Conditions: Clear
    </div>
    <div
      class="forecast-details__maxTemp"
    >
      Max Temperature: 22 °C
    </div>
    <div
      class="forecast-details__minTemp"
    >
      Min Temperature: 12 °C
    </div>
    <div
      class="forecast-details__humidity"
    >
      Humidity: 15
    </div>
    <div
      class="forecast-details__windSpeed"
    >
      Wind Speed: 15 MPH
    </div>
    <div
      class="forecast-details__windDirection"
    >
      Wind Direction: North
    </div>
  </div>
</DocumentFragment>
`;
