// Jest Snapshot v1, https://goo.gl/fbAQLP

exports[`Forecast Summary renders 1`] = `undefined`;

exports[`Forecast Summary renders correctly 1`] = `undefined`;
